kotlin version: 2.0.20
error message: java.lang.OutOfMemoryError: GC overhead limit exceeded
	at org.jetbrains.kotlin.backend.wasm.ir2wasm.DeclarationGenerator.visitFunction(DeclarationGenerator.kt:135)
	at org.jetbrains.kotlin.ir.visitors.IrElementVisitorVoid$DefaultImpls.visitSimpleFunction(IrElementVisitorVoid.kt:144)
	at org.jetbrains.kotlin.backend.wasm.ir2wasm.DeclarationGenerator.visitSimpleFunction(DeclarationGenerator.kt:30)
	at org.jetbrains.kotlin.ir.visitors.IrElementVisitorVoid$DefaultImpls.visitSimpleFunction(IrElementVisitorVoid.kt:140)
	at org.jetbrains.kotlin.backend.wasm.ir2wasm.DeclarationGenerator.visitSimpleFunction(DeclarationGenerator.kt:30)
	at org.jetbrains.kotlin.backend.wasm.ir2wasm.DeclarationGenerator.visitSimpleFunction(DeclarationGenerator.kt:30)
	at org.jetbrains.kotlin.ir.declarations.IrSimpleFunction.accept(IrSimpleFunction.kt:39)
	at org.jetbrains.kotlin.ir.visitors.IrVisitorsKt.acceptVoid(IrVisitors.kt:11)
	at org.jetbrains.kotlin.backend.wasm.ir2wasm.DeclarationGenerator.visitClass(DeclarationGenerator.kt:400)
	at org.jetbrains.kotlin.ir.visitors.IrElementVisitorVoid$DefaultImpls.visitClass(IrElementVisitorVoid.kt:44)
	at org.jetbrains.kotlin.backend.wasm.ir2wasm.DeclarationGenerator.visitClass(DeclarationGenerator.kt:30)
	at org.jetbrains.kotlin.backend.wasm.ir2wasm.DeclarationGenerator.visitClass(DeclarationGenerator.kt:30)
	at org.jetbrains.kotlin.ir.declarations.IrClass.accept(IrClass.kt:72)
	at org.jetbrains.kotlin.ir.visitors.IrVisitorsKt.acceptVoid(IrVisitors.kt:11)
	at org.jetbrains.kotlin.backend.wasm.ir2wasm.WasmModuleFragmentGenerator.acceptVisitor(WasmModuleFragmentGenerator.kt:65)
	at org.jetbrains.kotlin.backend.wasm.ir2wasm.WasmModuleFragmentGenerator.generateModule(WasmModuleFragmentGenerator.kt:59)
	at org.jetbrains.kotlin.backend.wasm.WasmCompilerKt.compileWasm-uzOlIq4(wasmCompiler.kt:132)
	at org.jetbrains.kotlin.cli.js.K2JsIrCompiler.doExecute(K2JsIrCompiler.kt:429)
	at org.jetbrains.kotlin.cli.js.K2JSCompiler.doExecute(K2JSCompiler.java:70)
	at org.jetbrains.kotlin.cli.js.K2JSCompiler.doExecute(K2JSCompiler.java:33)
	at org.jetbrains.kotlin.cli.common.CLICompiler.execImpl(CLICompiler.kt:103)
	at org.jetbrains.kotlin.cli.common.CLICompiler.execImpl(CLICompiler.kt:49)
	at org.jetbrains.kotlin.cli.common.CLITool.exec(CLITool.kt:101)
	at org.jetbrains.kotlin.daemon.CompileServiceImpl.compile(CompileServiceImpl.kt:1555)
	at java.base/jdk.internal.reflect.NativeMethodAccessorImpl.invoke0(Native Method)
	at java.base/jdk.internal.reflect.NativeMethodAccessorImpl.invoke(NativeMethodAccessorImpl.java:77)
	at java.base/jdk.internal.reflect.DelegatingMethodAccessorImpl.invoke(DelegatingMethodAccessorImpl.java:43)
	at java.base/java.lang.reflect.Method.invoke(Method.java:569)
	at java.rmi/sun.rmi.server.UnicastServerRef.dispatch(UnicastServerRef.java:360)
	at java.rmi/sun.rmi.transport.Transport$1.run(Transport.java:200)
	at java.rmi/sun.rmi.transport.Transport$1.run(Transport.java:197)
	at java.base/java.security.AccessController.executePrivileged(AccessController.java:807)


